{"contents":[{"parts":[{"text":"What's in this picture"}],"role":"user"}]}
