{"contents":[{"parts":[{"text":"What's in this picture"},{"text":"What's your name?"}],"role":"user"}]}
