{"contents":[{"parts":[{"text":"What is your name?"},{"text":"What's in the picture?"},{"fileData":{"fileUri":"https://storage.googleapis.com/cloud-samples-data/generative-ai/image/scones.jpg","mimeType":"image/jpeg"}},{"text":"What is your favorite color?"}],"role":"user"}]}
